../Core/Src/main.c:86:5:main	256	dynamic
../Core/Src/main.c:214:6:SystemClock_Config	88	static
../Core/Src/main.c:261:13:MX_ADC2_Init	40	static
../Core/Src/main.c:320:13:MX_ADC5_Init	40	static
../Core/Src/main.c:379:13:MX_I2C1_Init	8	static
../Core/Src/main.c:427:13:MX_RNG_Init	8	static
../Core/Src/main.c:454:13:MX_TIM2_Init	64	static
../Core/Src/main.c:513:13:MX_TIM3_Init	40	static
../Core/Src/main.c:558:13:MX_USART2_UART_Init	8	static
../Core/Src/main.c:606:13:MX_GPIO_Init	24	static
../Core/Src/main.c:629:6:Error_Handler	4	static,ignoring_inline_asm
