../Core/Src/main.c:81:10:shunt_okay_average	96	dynamic
../Core/Src/main.c:143:5:main	176	dynamic
../Core/Src/main.c:324:6:SystemClock_Config	88	static
../Core/Src/main.c:371:13:MX_ADC2_Init	40	static
../Core/Src/main.c:430:13:MX_ADC5_Init	40	static
../Core/Src/main.c:489:13:MX_I2C1_Init	8	static
../Core/Src/main.c:537:13:MX_RNG_Init	8	static
../Core/Src/main.c:564:13:MX_TIM2_Init	64	static
../Core/Src/main.c:623:13:MX_TIM3_Init	40	static
../Core/Src/main.c:668:13:MX_USART2_UART_Init	8	static
../Core/Src/main.c:716:13:MX_GPIO_Init	24	static
../Core/Src/main.c:739:6:Error_Handler	4	static,ignoring_inline_asm
